Compiling lib\main.dart for the Web...                          
flutter : Wasm dry run findings:
En línea: 1 Carácter: 42
+ ... p Flutter"; flutter build web --release --no-tree-shake-icons 2>&1 |  ...
+                 ~~~~~~~~~~~~~~~~~~~~~~~~~~~~~~~~~~~~~~~~~~~~~~~~~~~~~~
    + CategoryInfo          : NotSpecified: (Wasm dry run findings::String) [], R 
   emoteException
    + FullyQualifiedErrorId : NativeCommandError
 
Found incompatibilities with WebAssembly.

package:app_citas/firebase_options.dart 7:1 - dart:html unsupported (0)
package:geolocator_web/src/html_geolocation_manager.dart 1:1 - dart:html 
unsupported (0)
package:geolocator_web/src/html_permissions_manager.dart 1:1 - dart:html 
unsupported (0)
package:geolocator_web/src/utils.dart 2:1 - dart:html unsupported (0)

Consider addressing these issues to enable wasm builds. See docs for more info: 
https://docs.flutter.dev/platform-integration/web/wasm

Use --no-wasm-dry-run to disable these warnings.
Compiling lib\main.dart for the Web...                            121,8s
ÔêÜ Built build\web
